
R version 3.5.3 (2019-03-11) -- "Great Truth"
Copyright (C) 2019 The R Foundation for Statistical Computing
Platform: x86_64-w64-mingw32/x64 (64-bit)

R is free software and comes with ABSOLUTELY NO WARRANTY.
You are welcome to redistribute it under certain conditions.
Type 'license()' or 'licence()' for distribution details.

R is a collaborative project with many contributors.
Type 'contributors()' for more information and
'citation()' on how to cite R or R packages in publications.

Type 'demo()' for some demos, 'help()' for on-line help, or
'help.start()' for an HTML browser interface to help.
Type 'q()' to quit R.

> ### test-regressionTable.R --- 
> #----------------------------------------------------------------------
> ## Author: Thomas Alexander Gerds
> ## Created: Aug 13 2017 (07:39) 
> ## Version: 
> ## Last-Updated: Oct 22 2017 (16:43) 
> ##           By: Thomas Alexander Gerds
> ##     Update #: 5
> #----------------------------------------------------------------------
> ## 
> ### Commentary: 
> ## 
> ### Change Log:
> #----------------------------------------------------------------------
> ## 
> ### Code:
> library(testthat)
> library(Publish)
Loading required package: prodlim
> data(Diabetes)
> 
> test_that("regressiontable: transformed variables and factor levels",{
+     Diabetes$hyp1 <- factor(1*(Diabetes$bp.1s>140))
+     Diabetes$ofak <- ordered(sample(letters[1:11],size=NROW(Diabetes),replace=1L))
+     levels(Diabetes$frame) <- c("+large","medi()um=.<",">8")
+     f <- glm(hyp1~frame+gender+log(age)+I(chol>245)+ofak,data=Diabetes,family="binomial")
+     regressionTable(f)
+     summary(regressionTable(f))
+ })
Error in eval(parse(text = misscall), data) : object 'age' not found
Error in chol > 245 : 
  comparison (6) is possible only for atomic and list types
Error in eval(parse(text = misscall), data) : object 'age' not found
Error in chol > 245 : 
  comparison (6) is possible only for atomic and list types
        Variable       Units OddsRatio        CI.95  p-value
1          frame      +large       Ref                      
2                medi()um=.<      0.80  [0.45;1.42]   0.4476
3                         >8      0.44  [0.22;0.90]   0.0236
4         gender      female       Ref                      
5                       male      0.88  [0.54;1.44]   0.6133
6       log(age)                 13.62 [6.01;30.86]   <0.001
7  I(chol > 245)       FALSE       Ref                      
8                       TRUE      1.39  [0.76;2.57]   0.2881
9           ofak           a       Ref                      
10                         b      0.77  [0.34;1.75]   0.5387
11                         c      0.54  [0.24;1.18]   0.1239
12                         d      1.62  [0.72;3.65]   0.2456
13                         e      0.84  [0.37;1.93]   0.6885
14                         f      0.98  [0.44;2.16]   0.9570
15                         g      1.72  [0.77;3.85]   0.1842
16                         h      0.75  [0.32;1.76]   0.5125
17                         i      0.72  [0.32;1.63]   0.4255
18                         j      1.45  [0.67;3.16]   0.3488
19                         k      0.77  [0.36;1.63]   0.4891
> 
> test_that("plot.regressionTable",{
+     Diabetes$hyp1 <- factor(1*(Diabetes$bp.1s>140))
+     Diabetes$ofak <- ordered(sample(letters[1:11],size=NROW(Diabetes),replace=1L))
+     levels(Diabetes$frame) <- c("+large","medi()um=.<",">8")
+     f <- glm(hyp1~frame+gender+log(age)+I(chol>245)+ofak,data=Diabetes,family="binomial")
+     f <- glm(hyp1~log(age)+I(chol>245),data=Diabetes,family="binomial")
+     u <- regressionTable(f)
+     plot(u,xlim=c(0.5,3))
+ })
Error in eval(parse(text = misscall), data) : object 'age' not found
Error in chol > 245 : 
  comparison (6) is possible only for atomic and list types
> 
> ######################################################################
> ### test-regressionTable.R ends here
> 
> proc.time()
   user  system elapsed 
   1.04    0.31    1.64 
