
R version 3.5.3 (2019-03-11) -- "Great Truth"
Copyright (C) 2019 The R Foundation for Statistical Computing
Platform: x86_64-w64-mingw32/x64 (64-bit)

R is free software and comes with ABSOLUTELY NO WARRANTY.
You are welcome to redistribute it under certain conditions.
Type 'license()' or 'licence()' for distribution details.

R is a collaborative project with many contributors.
Type 'contributors()' for more information and
'citation()' on how to cite R or R packages in publications.

Type 'demo()' for some demos, 'help()' for on-line help, or
'help.start()' for an HTML browser interface to help.
Type 'q()' to quit R.

> ### test-regressionTable.R --- 
> #----------------------------------------------------------------------
> ## Author: Thomas Alexander Gerds
> ## Created: Aug 13 2017 (07:39) 
> ## Version: 
> ## Last-Updated: Oct 22 2017 (16:43) 
> ##           By: Thomas Alexander Gerds
> ##     Update #: 5
> #----------------------------------------------------------------------
> ## 
> ### Commentary: 
> ## 
> ### Change Log:
> #----------------------------------------------------------------------
> ## 
> ### Code:
> library(testthat)
> library(Publish)
Loading required package: prodlim
> data(Diabetes)
> 
> test_that("regressiontable: transformed variables and factor levels",{
+     Diabetes$hyp1 <- factor(1*(Diabetes$bp.1s>140))
+     Diabetes$ofak <- ordered(sample(letters[1:11],size=NROW(Diabetes),replace=1L))
+     levels(Diabetes$frame) <- c("+large","medi()um=.<",">8")
+     f <- glm(hyp1~frame+gender+log(age)+I(chol>245)+ofak,data=Diabetes,family="binomial")
+     regressionTable(f)
+     summary(regressionTable(f))
+ })
Error in eval(parse(text = misscall), data) : object 'age' not found
Error in chol > 245 : 
  comparison (6) is possible only for atomic and list types
Error in eval(parse(text = misscall), data) : object 'age' not found
Error in chol > 245 : 
  comparison (6) is possible only for atomic and list types
        Variable       Units OddsRatio        CI.95  p-value
1          frame      +large       Ref                      
2                medi()um=.<      0.83  [0.47;1.46]   0.5233
3                         >8      0.45  [0.22;0.91]   0.0255
4         gender      female       Ref                      
5                       male      0.94  [0.57;1.55]   0.7985
6       log(age)                 13.24 [5.90;29.72]   <0.001
7  I(chol > 245)       FALSE       Ref                      
8                       TRUE      1.35  [0.72;2.53]   0.3513
9           ofak           a       Ref                      
10                         b      0.51  [0.22;1.17]   0.1095
11                         c      0.82  [0.36;1.86]   0.6339
12                         d      0.90  [0.40;2.04]   0.7990
13                         e      1.73  [0.76;3.95]   0.1948
14                         f      0.58  [0.25;1.32]   0.1922
15                         g      0.45  [0.20;1.01]   0.0541
16                         h      1.18  [0.52;2.70]   0.6949
17                         i      0.96  [0.44;2.13]   0.9265
18                         j      1.25  [0.57;2.74]   0.5756
19                         k      0.72  [0.33;1.57]   0.4095
> 
> test_that("plot.regressionTable",{
+     Diabetes$hyp1 <- factor(1*(Diabetes$bp.1s>140))
+     Diabetes$ofak <- ordered(sample(letters[1:11],size=NROW(Diabetes),replace=1L))
+     levels(Diabetes$frame) <- c("+large","medi()um=.<",">8")
+     f <- glm(hyp1~frame+gender+log(age)+I(chol>245)+ofak,data=Diabetes,family="binomial")
+     f <- glm(hyp1~log(age)+I(chol>245),data=Diabetes,family="binomial")
+     u <- regressionTable(f)
+     plot(u,xlim=c(0.5,3))
+ })
Error in eval(parse(text = misscall), data) : object 'age' not found
Error in chol > 245 : 
  comparison (6) is possible only for atomic and list types
> 
> ######################################################################
> ### test-regressionTable.R ends here
> 
> proc.time()
   user  system elapsed 
   1.06    0.26    1.56 
