
R version 3.5.3 (2019-03-11) -- "Great Truth"
Copyright (C) 2019 The R Foundation for Statistical Computing
Platform: x86_64-w64-mingw32/x64 (64-bit)

R is free software and comes with ABSOLUTELY NO WARRANTY.
You are welcome to redistribute it under certain conditions.
Type 'license()' or 'licence()' for distribution details.

R is a collaborative project with many contributors.
Type 'contributors()' for more information and
'citation()' on how to cite R or R packages in publications.

Type 'demo()' for some demos, 'help()' for on-line help, or
'help.start()' for an HTML browser interface to help.
Type 'q()' to quit R.

> ### test-univariateTable.R --- 
> #----------------------------------------------------------------------
> ## author: Thomas Alexander Gerds
> ## created: May  9 2015 (07:55) 
> ## Version: 
> ## last-updated: Oct 22 2017 (17:33) 
> ##           By: Thomas Alexander Gerds
> ##     Update #: 8
> #----------------------------------------------------------------------
> ## 
> ### Commentary: 
> ## 
> ### Change Log:
> #----------------------------------------------------------------------
> ## 
> ### Code:
> 
> library(testthat)
> library(prodlim)
> library(Publish)
> data(Diabetes)
> 
> test_that("univariateTable no groups",{
+     u1 <- univariateTable(~age +gender + height + weight,data=Diabetes)
+     a <- summary(u1,show.missing=1L)
+     expect_equal(NROW(a),9)
+     b <- summary(u1,show.missing=0L)
+     expect_equal(NROW(b),5)
+     u2 <- univariateTable(~age,data=Diabetes)
+     u3 <- univariateTable(~gender,data=Diabetes)
+     a1 <- publish(univariateTable(~age+gender+ height+weight,data=Diabetes))
+     a2 <- publish(summary(univariateTable(~age+gender+ height+weight,data=Diabetes)))
+     expect_equal(a1,a2)
+ })
 Variable     Level        Total 
      age mean (sd)  46.9 (16.3) 
   gender    female   234 (58.1) 
               male   169 (41.9) 
   height mean (sd)   66.0 (3.9) 
            missing            5 
   weight mean (sd) 177.6 (40.3) 
            missing            1 
 Variable     Level        Total 
      age mean (sd)  46.9 (16.3) 
   gender    female   234 (58.1) 
               male   169 (41.9) 
   height mean (sd)   66.0 (3.9) 
            missing            5 
   weight mean (sd) 177.6 (40.3) 
            missing            1 
> 
> test_that("Univariate table with groups and missing values and labels with special characters",{
+     Diabetes$AgeGroups <- cut(Diabetes$age,
+                               c(19,29,39,49,59,69,92),
+                               include.lowest=TRUE)
+     univariateTable(location~age+gender+height+weight+AgeGroups,data=Diabetes)
+     publish(summary(univariateTable(location~age+gender+height+weight,
+                                     data=Diabetes)),org=TRUE)
+     v <- univariateTable(gender ~age+height,data=Diabetes)
+     sv <- summary(v,show.missing="always")
+     univariateTable(location~factor(AgeGroups)+gender+height+weight,
+                     data=Diabetes,
+                     summary.format="median(x) {iqr(x)}")
+     levels(Diabetes$frame) <- c("+large","medi()um=.<",">8")
+     expect_output(publish(summary(univariateTable(frame~age+gender+height+weight+location,
+                                                   data=Diabetes)),org=TRUE))    
+     expect_output(publish(summary(univariateTable(location~age+gender+height+weight+frame,
+                                                   data=Diabetes)),org=TRUE))
+ })
|  Variable |     Level | Buckingham (n=200) | Louisa (n=203) | Total (n=403) | p-value |
|-----------+-----------+--------------------+----------------+---------------+---------|
|       age | mean (sd) |        47.1 (16.7) |    46.6 (15.9) |   46.9 (16.3) | 0.78473 |
|    gender |    female |         114 (57.0) |     120 (59.1) |    234 (58.1) |         |
|           |      male |          86 (43.0) |      83 (40.9) |    169 (41.9) | 0.74223 |
|    height | mean (sd) |         66.5 (4.0) |     65.6 (3.8) |    66.0 (3.9) | 0.01549 |
|           |   missing |                  3 |              2 |             5 |         |
|    weight | mean (sd) |       178.7 (43.8) |   176.5 (36.7) |  177.6 (40.3) | 0.58067 |
|           |   missing |                  0 |              1 |             1 |         |

> 
> test_that("Univariate table with row percent",{
+     a <- summary(univariateTable(frame~gender+location, data=Diabetes,column.percent=TRUE))
+     b <- summary(univariateTable(frame~gender+location, data=Diabetes,column.percent=FALSE))
+     expect_equal(as.numeric(colSums(a[a$Variable=="gender"]==b[b$Variable=="gender"])),c(4,0))
+ })
> 
> if (FALSE){
+ test_that("Univariate table with stupid function",{
+     stupid <- function(x){
+         if (mean(x)>47) "large" else "small"
+     }
+     univariateTable(location~age+height+weight,
+                     data=Diabetes,
+                     summary.format="Mean: mean(x) stupid's distance: (stupid(x))")
+ 
+     publish(summary(univariateTable(location~age+height+weight,
+                                     data=Diabetes,
+                                     summary.format="Mean: mean(x) stupid's distance: (stupid(x))")),
+             org=TRUE)
+     MeanSe <- function(x){
+         paste("Mean=",round(mean(x),1)," Standard.error=",round(sd(x)/sqrt(length(x)),3),sep="")
+     }
+     expect_output(publish(univariateTable(location~age+height+weight,data=Diabetes,summary.format="MeanSe(x)")))
+     ux <- univariateTable(location~gender+age+AgeGroups,
+                           data=Diabetes,
+                           column.percent=FALSE,
+                           freq.format="count(x)")
+     sux <- summary(ux)
+     publish(sux,org=TRUE)
+ })
+ }
> #----------------------------------------------------------------------
> ### test-univariateTable.R ends here
> 
> proc.time()
   user  system elapsed 
   1.06    0.26    1.73 
